<?xml version='1.0' encoding='UTF-8'?>
<dataset>
    <table name="wijk">
        <column>gmlid</column>
        <column>identificatie</column>
        <column>lv_publicatiedatum</column>
        <column>creationdate</column>
        <column>tijdstipregistratie</column>
        <column>eindregistratie</column>
        <column>terminationdate</column>
        <column>bronhouder</column>
        <column>inonderzoek</column>
        <column>relatievehoogteligging</column>
        <column>bgt_status</column>
        <column>plus_status</column>
        <column>naam</column>
        <column>wijkcode</column>
        <column>geom</column>
        <row>
            <value>137b4e48feb841bc98933c23bae42e44</value>
            <value>G0321.3dc14768e70b40b8a837ee91348769b6</value>
            <value><![CDATA[2019-12-19 14:36:54.0]]></value>
            <value>2019-12-06</value>
            <value><![CDATA[2019-12-06 08:17:27.0]]></value>
            <null/>
            <null/>
            <value>G0321</value>
            <value>false</value>
            <value>0</value>
            <value>bestaand</value>
            <value>geenWaarde</value>
            <value><![CDATA['t Goy]]></value>
            <value>032130</value>
            <value>0106000020407100000100000001030000000100000061000000CDCCCCCCA0880141295C8FC2123A1B41B29DEFA76A8801414E621058EF391B41E5D022DB1F880141A4703D0ABB391B41894160E5BA870141FCA9F1D274391B410AD7A3706B8701415EBA490C3C391B411283C0CA0E870141A4703D0AFC381B41AAF1D24DDC8601416F128340DA381B41736891EDCF8601415EBA498CD4381B418195438BC386014114AE47E1D0381B41FA7E6ABCB586014183C0CAA1CE381B419CC420B0A6860141986E1283CE381B413108AC1C9C860141621058B9CF381B415839B4C85A860141BE9F1A2FE4381B41FED478E9EF8501416ABC741306391B4139B4C876C7850141BA490C02E6381B410C022B87FC8501415C8FC275D5381B41894160E54086014100000000C0381B411283C0CA4586014139B4C876BE381B41378941607E8601414C378941AC381B41C74B3789C78601410AD7A3F094381B416DE7FBA9DD860141CFF753E38D381B41B81E85EB5687014121B0726867381B416ABC7493BD8701411D5A64BB46381B410AD7A3701B8801414C37894128381B41105839B47988014146B6F37D0A381B4121B07268BB88014104560E2DF5371B41A245B6F3E8880141448B6C67E6371B41A8C64B3758890141F0A7C64BC1371B41C3F5285CCB89014177BE9F9A9B371B4154E3A59B1E8A0141FCA9F1D27F371B4191ED7C3F3C8A0141E7FBA97176371B4179E926314B8A0141CBA145B671371B41EE7C3F35758A01412FDD248663371B4108AC1C5A648A0141EC51B81E57371B41378941606B8A0141E17A14AE54371B41FA7E6ABC728A01416DE7FB2952371B41A01A2FDDAA8801417B14AEC704361B4160E5D022B2880141F6285C0F02361B413F355EBA5B880141EE7C3F35C4351B415EBA490C9E8901417368916D4B351B411283C0CA8F8E0141F2D24DE24F311B411904560E83920141C520B07208301B411904560E299301415EBA498CA7301B411904560E7593014100000000F0301B41FCA9F1D2BA930141FED4786933311B4100000000009401414C37894176311B4177BE9F1A2A94014139B4C8F6A2311B41A8C64B3745940141D578E926BD311B4154E3A59B2294014123DBF97ED1311B410000000000940141713D0AD7E5311B414A0C022BC2930141F853E3250C321B41FED478E9979301417593180426321B41355EBA49F19301416F12834048321B41B4C876BE2E940141CBA145B621321B41FA7E6ABC61940141A8C64BB701321B411F85EB51A4940141A4703D0AD8311B411283C0CADD9401418D976E12B4311B412FDD2406149501410C022B8791311B417B14AE474C950141068195C36D311B413BDF4F8D86950141F4FDD47848311B4106819543C49501411D5A64BB20311B415C8FC2F50B96014100000080F2301B41C520B072DF98014196438B6CD4321B419CC420B0B69B01414E6210D8B8341B414260E5D0E19501413108AC1CCE361B411D5A643B41980141C976BE9F62381B41C520B07207980141CBA145B664381B416DE7FBA9CD970141AAF1D2CD66381B41DD2406819897014152B81E056A381B414E621058649701416DE7FB296D381B416F1283C06B9701419A99991987381B41273108ACDA9601410E2DB29D92381B4183C0CAA1C0960141D34D621095381B417D3F355E9F960141560E2D3298381B41B29DEFA7FA960141E5D022DBD8381B410AD7A3703D97014117D9CEF708391B41DD2406814997014146B6F3FD10391B4123DBF97EBD930141894160E5893A1B41508D976E9093014183C0CAA16B3A1B4193180456468F0141B6F3FD54113C1B416891ED7C3E8E014146B6F3FD5F3B1B414A0C022B548D014146B6F37DC23A1B41000000006A8C0141E9263188233A1B411D5A643BFA8B014133333333293A1B41F853E3A5478B014183C0CA21313A1B41736891ED948A0141AE47E17A343A1B41F4FDD4783B8A0141A69BC4A0363A1B41CBA145B63A890141E7FBA9F13A3A1B41F853E3A5248901418195430B3A3A1B41CE30E4A70C8901410990C89D373A1B418AE9D53CF48801412F48CF78333A1B41156B3A1CDD8801413910F3C42D3A1B41295C8FC2DA88014148E17A142D3A1B4131565FABC78801418D6E2E9B263A1B41A21F2F48B488014115B7E11A1E3A1B41B2B09547A3880141CE9B4969143A1B41CDCCCCCCA0880141295C8FC2123A1B41</value>
        </row>
    </table>
</dataset>