<?xml version='1.0' encoding='UTF-8'?>
<dataset>
    <table name="WIJK">
        <column>GMLID</column>
        <column>IDENTIFICATIE</column>
        <column>LV_PUBLICATIEDATUM</column>
        <column>CREATIONDATE</column>
        <column>TIJDSTIPREGISTRATIE</column>
        <column>EINDREGISTRATIE</column>
        <column>TERMINATIONDATE</column>
        <column>BRONHOUDER</column>
        <column>INONDERZOEK</column>
        <column>RELATIEVEHOOGTELIGGING</column>
        <column>BGT_STATUS</column>
        <column>PLUS_STATUS</column>
        <column>NAAM</column>
        <column>WIJKCODE</column>
        <column>GEOM</column>
        <row>
            <value>137b4e48feb841bc98933c23bae42e44</value>
            <value>G0321.3dc14768e70b40b8a837ee91348769b6</value>
            <value><![CDATA[2019-12-19 14:36:54.0]]></value>
            <value><![CDATA[2019-12-06 00:00:00.0]]></value>
            <value><![CDATA[2019-12-06 08:17:27.0]]></value>
            <null/>
            <null/>
            <value>G0321</value>
            <value>0</value>
            <value>0</value>
            <value>bestaand</value>
            <value>geenWaarde</value>
            <value><![CDATA['t Goy]]></value>
            <value>032130</value>
            <value>MDSYS.SDO_GEOMETRY(2007,28992,null,MDSYS.SDO_ELEM_INFO_ARRAY(1,1003,1),MDSYS.SDO_ORDINATE_ARRAY(143636.1,446084.69,143629.332,446075.836,143619.982,446062.76,143607.362,446045.206,143597.43,446031.012,143585.849,446015.01,143579.538,446006.563,143577.991,446005.137,143576.443,446004.22,143574.717,446003.658,143572.836,446003.628,143571.514,446003.931,143563.348,446009.046,143549.989,446017.519,143544.933,446009.502,143551.566,446005.365,143560.112,446000,143560.724,445999.616,143567.797,445995.064,143576.942,445989.235,143579.708,445987.472,143594.865,445977.852,143607.697,445969.683,143619.43,445962.064,143631.213,445954.623,143639.426,445949.294,143645.119,445945.601,143659.027,445936.324,143673.42,445926.901,143683.826,445919.956,143687.531,445917.611,143689.399,445916.428,143694.651,445912.881,143692.544,445909.78,143693.422,445909.17,143694.342,445908.541,143637.358,445825.195,143638.267,445824.515,143627.466,445809.052,143667.756,445778.857,143825.974,445523.971,143952.382,445442.112,143973.132,445481.887,143982.632,445500,143991.353,445516.853,144000,445533.564,144005.263,445544.741,144008.652,445551.288,144004.326,445556.374,144000,445561.46,143992.271,445571.037,143986.989,445577.504,143998.161,445586.063,144005.843,445576.428,144012.217,445568.429,144020.54,445558.01,144027.724,445549.018,144034.503,445540.382,144041.535,445531.441,144048.819,445522.118,144056.533,445512.183,144065.495,445500.625,144155.931,445621.106,144246.836,445742.211,144060.227,445875.528,144136.154,445976.656,144128.931,445977.178,144121.708,445977.701,144115.063,445978.505,144108.543,445979.291,144109.469,445985.775,144091.334,445988.654,144088.079,445989.266,144083.921,445990.049,144095.332,446006.214,144103.68,446018.242,144105.188,446020.248,143991.687,446114.474,143986.054,446106.908,143848.792,446212.333,143815.811,446167.998,143786.521,446128.623,143757.25,446088.883,143743.279,446090.3,143720.956,446092.283,143698.616,446093.12,143687.434,446093.657,143655.339,446094.736,143652.581,446094.511,143649.581978208,446093.904085398,143646.52970488,446092.867978218,143643.638783299,446091.442333463,143643.345,446091.27,143640.958677934,446089.651544311,143638.535246131,446087.52625166,143636.40995348,446085.102819857,143636.1,446084.69))</value>
        </row>
    </table>
</dataset>